// Jest Snapshot v1, https://goo.gl/fbAQLP

exports[`Item Container renders properly 1`] = `
ShallowWrapper {
  Symbol(enzyme.__root__): [Circular],
  Symbol(enzyme.__unrendered__): <Item
    item={
      Object {
        "tag": Array [
          "Tag1",
          "Tag2",
        ],
        "title": "SDK",
      }
    }
  />,
  Symbol(enzyme.__renderer__): Object {
    "batchedUpdates": [Function],
    "checkPropTypes": [Function],
    "getNode": [Function],
    "render": [Function],
    "simulateError": [Function],
    "simulateEvent": [Function],
    "unmount": [Function],
  },
  Symbol(enzyme.__node__): Object {
    "instance": null,
    "key": undefined,
    "nodeType": "host",
    "props": Object {
      "children": Array [
        <p
          className="Item__title"
        >
          SDK
        </p>,
        Array [
          <span
            className="Item__tag"
          >
            Tag1
          </span>,
          <span
            className="Item__tag"
          >
            Tag2
          </span>,
        ],
      ],
      "className": "Item",
    },
    "ref": null,
    "rendered": Array [
      Object {
        "instance": null,
        "key": undefined,
        "nodeType": "host",
        "props": Object {
          "children": "SDK",
          "className": "Item__title",
        },
        "ref": null,
        "rendered": "SDK",
        "type": "p",
      },
      Object {
        "instance": null,
        "key": "0",
        "nodeType": "host",
        "props": Object {
          "children": "Tag1",
          "className": "Item__tag",
        },
        "ref": null,
        "rendered": "Tag1",
        "type": "span",
      },
      Object {
        "instance": null,
        "key": "1",
        "nodeType": "host",
        "props": Object {
          "children": "Tag2",
          "className": "Item__tag",
        },
        "ref": null,
        "rendered": "Tag2",
        "type": "span",
      },
    ],
    "type": "div",
  },
  Symbol(enzyme.__nodes__): Array [
    Object {
      "instance": null,
      "key": undefined,
      "nodeType": "host",
      "props": Object {
        "children": Array [
          <p
            className="Item__title"
          >
            SDK
          </p>,
          Array [
            <span
              className="Item__tag"
            >
              Tag1
            </span>,
            <span
              className="Item__tag"
            >
              Tag2
            </span>,
          ],
        ],
        "className": "Item",
      },
      "ref": null,
      "rendered": Array [
        Object {
          "instance": null,
          "key": undefined,
          "nodeType": "host",
          "props": Object {
            "children": "SDK",
            "className": "Item__title",
          },
          "ref": null,
          "rendered": "SDK",
          "type": "p",
        },
        Object {
          "instance": null,
          "key": "0",
          "nodeType": "host",
          "props": Object {
            "children": "Tag1",
            "className": "Item__tag",
          },
          "ref": null,
          "rendered": "Tag1",
          "type": "span",
        },
        Object {
          "instance": null,
          "key": "1",
          "nodeType": "host",
          "props": Object {
            "children": "Tag2",
            "className": "Item__tag",
          },
          "ref": null,
          "rendered": "Tag2",
          "type": "span",
        },
      ],
      "type": "div",
    },
  ],
  Symbol(enzyme.__options__): Object {
    "adapter": ReactSixteenAdapter {
      "options": Object {
        "enableComponentDidUpdateOnSetState": true,
        "legacyContextMode": "parent",
        "lifecycles": Object {
          "componentDidUpdate": Object {
            "onSetState": true,
          },
          "getChildContext": Object {
            "calledByRenderer": false,
          },
          "getDerivedStateFromProps": true,
          "getSnapshotBeforeUpdate": true,
          "setState": Object {
            "skipsComponentDidUpdateOnNullish": true,
          },
        },
      },
    },
  },
}
`;
